<?xml version="1.0" encoding="UTF-8"?>
<xs:schema xmlns:xs="http://www.w3.org/2001/XMLSchema">
  <xs:element name="value_object">
    <xs:complexType>
      <xs:sequence>
        <xs:element name="type">
          <xs:complexType>
            <xs:sequence>
              <xs:element name="name" type="xs:string"/>
            </xs:sequence>
          </xs:complexType>
        </xs:element>
      </xs:sequence>
    </xs:complexType>
  </xs:element>
</xs:schema>
